---
source: tests/tests/golden.rs
expression: ir.to_dot()
---
digraph Ingest {
    rankdir=LR;
    n0 [label="database Postgres", shape=cylinder];
    n1 [label="queue Nats", shape=cds];
    n2 [label="api Submit", shape=rarrow];
    n3 [label="worker Processor", shape=component];
    n4 [label="worker PageViewConsumer", shape=component];
    n5 [label="service Validate", shape=box];
    n6 [label="service Enrich", shape=box];
    n7 [label="service Store", shape=box];
    n1 -> n4 [label="AsyncMessage", style=dashed];
    n4 -> n0 [label="DataFlow", style=bold];
    n5 -> n0 [label="DataFlow", style=bold];
    n2 -> n5 [label="RequestFlow", style=solid];
    n5 -> n1 [label="AsyncMessage", style=dashed];
    n1 -> n3 [label="AsyncMessage", style=dashed];
    n6 -> n0 [label="DataFlow", style=bold];
    n3 -> n6 [label="RequestFlow", style=solid];
    n7 -> n0 [label="DataFlow", style=bold];
    n6 -> n7 [label="RequestFlow", style=solid];
}
