---
source: tests/tests/golden.rs
expression: json
---
{
  "name": "Notes",
  "nodes": [
    {
      "id": 0,
      "kind": "Auth",
      "scheme": "Jwt"
    },
    {
      "id": 1,
      "kind": "Database",
      "engine": "Postgres"
    },
    {
      "id": 2,
      "kind": "Cache",
      "engine": "Redis"
    },
    {
      "id": 3,
      "kind": "Api",
      "name": "Note"
    },
    {
      "id": 4,
      "kind": "Service",
      "name": "NoteStore"
    }
  ],
  "edges": [
    {
      "id": 0,
      "from": 3,
      "to": 0,
      "kind": "RequestFlow"
    },
    {
      "id": 1,
      "from": 0,
      "to": 4,
      "kind": "RequestFlow"
    },
    {
      "id": 2,
      "from": 4,
      "to": 1,
      "kind": "DataFlow"
    },
    {
      "id": 3,
      "from": 4,
      "to": 2,
      "kind": "DataFlow"
    }
  ],
  "pipelines": [],
  "resources": [
    {
      "name": "Note",
      "api": 3,
      "service": 4
    }
  ],
  "event_streams": []
}
